<testsuites id="" name="" tests="4" failures="3" skipped="1" errors="0" time="30.091111">
<testsuite name="App.test.ts" timestamp="2025-07-03T15:55:52.300Z" hostname="chromium" tests="4" failures="3" skipped="1" time="56.169" errors="0">
<testcase name="brainstorm › Load the container (smoke test)" classname="App.test.ts" time="3.241">
<failure message="App.test.ts:13:2 Load the container (smoke test)" type="FAILURE">
<![CDATA[  [chromium] › App.test.ts:13:2 › brainstorm › Load the container (smoke test) ─────────────────────

    Error: expect(received).toBe(expected) // Object.is equality

    Expected: "Brainstorm Demo"
    Received: "Fluid Framework Demo"

      14 | 		// Navigate to the default URL - new Container case
      15 | 		await page.goto("/", { waitUntil: "domcontentloaded" });
    > 16 | 		expect(await page.title()).toBe("Brainstorm Demo");
         | 		                           ^
      17 | 		const collaborationUrl = await page.url();
      18 |
      19 | 		// Navigate to the collaboration URL - load existing Container case
        at C:\Users\nsimons\code\nmsimons\fluid-demo\test\App.test.ts:16:30

    attachment #1: screenshot (image/png) ──────────────────────────────────────────────────────────
    test-results\App-brainstorm-Load-the-container-smoke-test--chromium\test-failed-1.png
    ────────────────────────────────────────────────────────────────────────────────────────────────
]]>
</failure>
<system-out>
<![CDATA[
[[ATTACHMENT|App-brainstorm-Load-the-container-smoke-test--chromium\test-failed-1.png]]
]]>
</system-out>
</testcase>
<testcase name="brainstorm › Add group" classname="App.test.ts" time="17.656">
<skipped>
</skipped>
</testcase>
<testcase name="brainstorm › Add note" classname="App.test.ts" time="17.635">
<failure message="App.test.ts:35:2 Add note" type="FAILURE">
<![CDATA[  [chromium] › App.test.ts:35:2 › brainstorm › Add note ────────────────────────────────────────────

    Error: locator.click: Target page, context or browser has been closed
    Call log:
      - waiting for getByText('Add Note')


      38 |
      39 | 		// Click the "Add Note" button
    > 40 | 		await page.getByText("Add Note").click();
         | 		                                 ^
      41 |
      42 | 		// Verify that a note was added.
      43 | 		notes = await page.getByLabel("Note");
        at C:\Users\nsimons\code\nmsimons\fluid-demo\test\App.test.ts:40:36

    Error: browserContext._wrapApiCall: Target page, context or browser has been closed
]]>
</failure>
</testcase>
<testcase name="brainstorm › Delete note" classname="App.test.ts" time="17.637">
<failure message="App.test.ts:47:2 Delete note" type="FAILURE">
<![CDATA[  [chromium] › App.test.ts:47:2 › brainstorm › Delete note ─────────────────────────────────────────

    Error: locator.click: Target page, context or browser has been closed
    Call log:
      - waiting for getByText('Add Note')


      47 | 	test("Delete note", async ({ page }) => {
      48 | 		// Click the "Add Note" button
    > 49 | 		await page.getByText("Add Note").click();
         | 		                                 ^
      50 |
      51 | 		// Select the note.
      52 | 		await page.getByLabel("Note").click(); // Will time out if no note exists on the canvas.
        at C:\Users\nsimons\code\nmsimons\fluid-demo\test\App.test.ts:49:36
]]>
</failure>
</testcase>
</testsuite>
</testsuites>